../Core/Src/main.c:96:5:main	456	static
../Core/Src/main.c:281:6:SystemClock_Config	88	static
../Core/Src/main.c:325:13:MX_USART1_UART_Init	8	static
../Core/Src/main.c:352:13:MX_USART2_UART_Init	8	static
../Core/Src/main.c:380:13:MX_GPIO_Init	48	static
../Core/Src/main.c:414:6:EKF_Predict	64	static
../Core/Src/main.c:448:6:EKF_Update	104	static
../Core/Src/main.c:506:6:EKF_Init	24	static
../Core/Src/main.c:533:6:HAL_UART_RxCpltCallback	16	static
../Core/Src/main.c:548:6:logging	144	static
../Core/Src/main.c:559:6:Error_Handler	4	static,ignoring_inline_asm
