../Core/Src/main.c:98:5:main	584	static
../Core/Src/main.c:287:6:SystemClock_Config	88	static
../Core/Src/main.c:331:13:MX_USART1_UART_Init	8	static
../Core/Src/main.c:358:13:MX_USART2_UART_Init	8	static
../Core/Src/main.c:386:13:MX_GPIO_Init	48	static
../Core/Src/main.c:420:6:EKF_Predict	64	static
../Core/Src/main.c:454:6:EKF_Update	112	static
../Core/Src/main.c:519:6:EKF_Init	24	static
../Core/Src/main.c:546:6:HAL_UART_RxCpltCallback	16	static
../Core/Src/main.c:561:6:logging	272	static
../Core/Src/main.c:572:6:Error_Handler	4	static,ignoring_inline_asm
